I'm sorry, but errors were detected in your script. Please correct the
errors listed below, and try again.


File "game/screens.rpy", line 252: the spacing keyword argument was not given a value.
    spacing
           ^

Ren'Py Version: Ren'Py 8.3.7.25031702
Mon Apr 13 12:16:32 2026
